== TRAIN augmented_seed2027 | device=mps | epoch<= 100 | batch=32 | augment=True | fitur=delta2 ==
train=25,380 | val=6,548 (subset dev untuk hemat waktu)
parameter model 318,722 | dim fitur 180 | bobot kelas [4.918604850769043, 0.5565789341926575]
   epoch   1 [  79/793]   9% | loss 0.6921 |  70.5 berkas/s | sisa ~ 5.4 m
   epoch   1 [ 158/793]  19% | loss 0.6857 |  70.9 berkas/s | sisa ~ 4.8 m
   epoch   1 [ 237/793]  29% | loss 0.6735 |  71.0 berkas/s | sisa ~ 4.2 m
   epoch   1 [ 316/793]  39% | loss 0.6597 |  71.0 berkas/s | sisa ~ 3.6 m
   epoch   1 [ 395/793]  49% | loss 0.6430 |  71.1 berkas/s | sisa ~ 3.0 m
   epoch   1 [ 474/793]  59% | loss 0.6232 |  71.1 berkas/s | sisa ~ 2.4 m
   epoch   1 [ 553/793]  69% | loss 0.6060 |  71.2 berkas/s | sisa ~ 1.8 m
   epoch   1 [ 632/793]  79% | loss 0.5920 |  71.1 berkas/s | sisa ~ 1.2 m
   epoch   1 [ 711/793]  89% | loss 0.5771 |  70.9 berkas/s | sisa ~ 0.6 m
   epoch   1 [ 790/793]  99% | loss 0.5629 |  70.7 berkas/s | sisa ~ 0.0 m
   epoch   1 [ 793/793] 100% | loss 0.5623 |  70.7 berkas/s | sisa ~ 0.0 m
   epoch   1 validasi ...
epoch   1 | loss 0.5623 | val_EER  1.86% | val_AUC 0.997 | lr 1.00e-04 | 375s
   checkpoint tersimpan (EER 1.86%) -> checkpoints/augmented_seed2027.pt
   epoch   2 [  79/793]   9% | loss 0.4150 |  70.8 berkas/s | sisa ~ 5.4 m
   epoch   2 [ 158/793]  19% | loss 0.4263 |  68.3 berkas/s | sisa ~ 5.0 m
   epoch   2 [ 237/793]  29% | loss 0.4095 |  69.1 berkas/s | sisa ~ 4.3 m
   epoch   2 [ 316/793]  39% | loss 0.4060 |  69.6 berkas/s | sisa ~ 3.7 m
   epoch   2 [ 395/793]  49% | loss 0.4033 |  69.9 berkas/s | sisa ~ 3.0 m
   epoch   2 [ 474/793]  59% | loss 0.4035 |  70.1 berkas/s | sisa ~ 2.4 m
   epoch   2 [ 553/793]  69% | loss 0.3969 |  70.3 berkas/s | sisa ~ 1.8 m
   epoch   2 [ 632/793]  79% | loss 0.3890 |  70.4 berkas/s | sisa ~ 1.2 m
   epoch   2 [ 711/793]  89% | loss 0.3855 |  70.5 berkas/s | sisa ~ 0.6 m
   epoch   2 [ 790/793]  99% | loss 0.3847 |  70.6 berkas/s | sisa ~ 0.0 m
   epoch   2 [ 793/793] 100% | loss 0.3843 |  70.6 berkas/s | sisa ~ 0.0 m
   epoch   2 validasi ...
epoch   2 | loss 0.3843 | val_EER  2.09% | val_AUC 0.998 | lr 1.00e-04 | 376s
   epoch   3 [  79/793]   9% | loss 0.3503 |  71.2 berkas/s | sisa ~ 5.3 m
   epoch   3 [ 158/793]  19% | loss 0.3433 |  71.3 berkas/s | sisa ~ 4.7 m
   epoch   3 [ 237/793]  29% | loss 0.3412 |  71.4 berkas/s | sisa ~ 4.2 m
   epoch   3 [ 316/793]  39% | loss 0.3393 |  71.4 berkas/s | sisa ~ 3.6 m
   epoch   3 [ 395/793]  49% | loss 0.3307 |  71.4 berkas/s | sisa ~ 3.0 m
   epoch   3 [ 474/793]  59% | loss 0.3276 |  71.4 berkas/s | sisa ~ 2.4 m
   epoch   3 [ 553/793]  69% | loss 0.3275 |  71.0 berkas/s | sisa ~ 1.8 m
   epoch   3 [ 632/793]  79% | loss 0.3271 |  70.2 berkas/s | sisa ~ 1.2 m
   epoch   3 [ 711/793]  89% | loss 0.3231 |  70.2 berkas/s | sisa ~ 0.6 m
   epoch   3 [ 790/793]  99% | loss 0.3253 |  70.1 berkas/s | sisa ~ 0.0 m
   epoch   3 [ 793/793] 100% | loss 0.3251 |  70.1 berkas/s | sisa ~ 0.0 m
   epoch   3 validasi ...
epoch   3 | loss 0.3251 | val_EER  2.76% | val_AUC 0.998 | lr 9.99e-05 | 379s
   epoch   4 [  79/793]   9% | loss 0.2996 |  66.9 berkas/s | sisa ~ 5.7 m
   epoch   4 [ 158/793]  19% | loss 0.2931 |  69.0 berkas/s | sisa ~ 4.9 m
   epoch   4 [ 237/793]  29% | loss 0.2798 |  68.7 berkas/s | sisa ~ 4.3 m
   epoch   4 [ 316/793]  39% | loss 0.2830 |  68.2 berkas/s | sisa ~ 3.7 m
   epoch   4 [ 395/793]  49% | loss 0.2845 |  68.6 berkas/s | sisa ~ 3.1 m
   epoch   4 [ 474/793]  59% | loss 0.2839 |  69.0 berkas/s | sisa ~ 2.5 m
   epoch   4 [ 553/793]  69% | loss 0.2812 |  69.3 berkas/s | sisa ~ 1.8 m
   epoch   4 [ 632/793]  79% | loss 0.2808 |  69.5 berkas/s | sisa ~ 1.2 m
   epoch   4 [ 711/793]  89% | loss 0.2828 |  69.6 berkas/s | sisa ~ 0.6 m
   epoch   4 [ 790/793]  99% | loss 0.2809 |  69.6 berkas/s | sisa ~ 0.0 m
   epoch   4 [ 793/793] 100% | loss 0.2807 |  69.6 berkas/s | sisa ~ 0.0 m
   epoch   4 validasi ...
epoch   4 | loss 0.2807 | val_EER  1.63% | val_AUC 0.999 | lr 9.97e-05 | 382s
   checkpoint tersimpan (EER 1.63%) -> checkpoints/augmented_seed2027.pt
   epoch   5 [  79/793]   9% | loss 0.2871 |  70.3 berkas/s | sisa ~ 5.4 m
   epoch   5 [ 158/793]  19% | loss 0.2834 |  70.5 berkas/s | sisa ~ 4.8 m
   epoch   5 [ 237/793]  29% | loss 0.2832 |  70.3 berkas/s | sisa ~ 4.2 m
   epoch   5 [ 316/793]  39% | loss 0.2773 |  69.6 berkas/s | sisa ~ 3.7 m
   epoch   5 [ 395/793]  49% | loss 0.2738 |  69.9 berkas/s | sisa ~ 3.0 m
   epoch   5 [ 474/793]  59% | loss 0.2695 |  70.0 berkas/s | sisa ~ 2.4 m
   epoch   5 [ 553/793]  69% | loss 0.2697 |  70.0 berkas/s | sisa ~ 1.8 m
   epoch   5 [ 632/793]  79% | loss 0.2645 |  70.0 berkas/s | sisa ~ 1.2 m
   epoch   5 [ 711/793]  89% | loss 0.2616 |  70.0 berkas/s | sisa ~ 0.6 m
   epoch   5 [ 790/793]  99% | loss 0.2594 |  70.1 berkas/s | sisa ~ 0.0 m
   epoch   5 [ 793/793] 100% | loss 0.2591 |  70.1 berkas/s | sisa ~ 0.0 m
   epoch   5 validasi ...
epoch   5 | loss 0.2591 | val_EER  1.42% | val_AUC 0.999 | lr 9.95e-05 | 379s
   checkpoint tersimpan (EER 1.42%) -> checkpoints/augmented_seed2027.pt
   epoch   6 [  79/793]   9% | loss 0.2348 |  70.8 berkas/s | sisa ~ 5.4 m
   epoch   6 [ 158/793]  19% | loss 0.2252 |  70.9 berkas/s | sisa ~ 4.8 m
   epoch   6 [ 237/793]  29% | loss 0.2331 |  70.9 berkas/s | sisa ~ 4.2 m
   epoch   6 [ 316/793]  39% | loss 0.2356 |  71.0 berkas/s | sisa ~ 3.6 m
   epoch   6 [ 395/793]  49% | loss 0.2379 |  70.4 berkas/s | sisa ~ 3.0 m
   epoch   6 [ 474/793]  59% | loss 0.2376 |  70.5 berkas/s | sisa ~ 2.4 m
   epoch   6 [ 553/793]  69% | loss 0.2402 |  70.5 berkas/s | sisa ~ 1.8 m
   epoch   6 [ 632/793]  79% | loss 0.2404 |  70.5 berkas/s | sisa ~ 1.2 m
   epoch   6 [ 711/793]  89% | loss 0.2415 |  70.6 berkas/s | sisa ~ 0.6 m
   epoch   6 [ 790/793]  99% | loss 0.2409 |  70.7 berkas/s | sisa ~ 0.0 m
   epoch   6 [ 793/793] 100% | loss 0.2411 |  70.7 berkas/s | sisa ~ 0.0 m
   epoch   6 validasi ...
epoch   6 | loss 0.2411 | val_EER  1.40% | val_AUC 0.999 | lr 9.93e-05 | 376s
   checkpoint tersimpan (EER 1.40%) -> checkpoints/augmented_seed2027.pt
   epoch   7 [  79/793]   9% | loss 0.2216 |  70.9 berkas/s | sisa ~ 5.4 m
   epoch   7 [ 158/793]  19% | loss 0.2388 |  70.8 berkas/s | sisa ~ 4.8 m
   epoch   7 [ 237/793]  29% | loss 0.2361 |  71.0 berkas/s | sisa ~ 4.2 m
   epoch   7 [ 316/793]  39% | loss 0.2331 |  71.1 berkas/s | sisa ~ 3.6 m
   epoch   7 [ 395/793]  49% | loss 0.2274 |  71.0 berkas/s | sisa ~ 3.0 m
   epoch   7 [ 474/793]  59% | loss 0.2279 |  71.0 berkas/s | sisa ~ 2.4 m
   epoch   7 [ 553/793]  69% | loss 0.2313 |  71.0 berkas/s | sisa ~ 1.8 m
   epoch   7 [ 632/793]  79% | loss 0.2323 |  71.1 berkas/s | sisa ~ 1.2 m
   epoch   7 [ 711/793]  89% | loss 0.2310 |  71.0 berkas/s | sisa ~ 0.6 m
   epoch   7 [ 790/793]  99% | loss 0.2306 |  71.1 berkas/s | sisa ~ 0.0 m
   epoch   7 [ 793/793] 100% | loss 0.2315 |  71.1 berkas/s | sisa ~ 0.0 m
   epoch   7 validasi ...
epoch   7 | loss 0.2315 | val_EER  1.11% | val_AUC 0.999 | lr 9.90e-05 | 374s
   checkpoint tersimpan (EER 1.11%) -> checkpoints/augmented_seed2027.pt
   epoch   8 [  79/793]   9% | loss 0.2508 |  71.0 berkas/s | sisa ~ 5.4 m
   epoch   8 [ 158/793]  19% | loss 0.2498 |  71.1 berkas/s | sisa ~ 4.8 m
   epoch   8 [ 237/793]  29% | loss 0.2472 |  70.9 berkas/s | sisa ~ 4.2 m
   epoch   8 [ 316/793]  39% | loss 0.2490 |  70.9 berkas/s | sisa ~ 3.6 m
   epoch   8 [ 395/793]  49% | loss 0.2394 |  71.0 berkas/s | sisa ~ 3.0 m
   epoch   8 [ 474/793]  59% | loss 0.2388 |  71.0 berkas/s | sisa ~ 2.4 m
   epoch   8 [ 553/793]  69% | loss 0.2380 |  71.0 berkas/s | sisa ~ 1.8 m
   epoch   8 [ 632/793]  79% | loss 0.2346 |  71.0 berkas/s | sisa ~ 1.2 m
   epoch   8 [ 711/793]  89% | loss 0.2356 |  71.0 berkas/s | sisa ~ 0.6 m
   epoch   8 [ 790/793]  99% | loss 0.2361 |  71.0 berkas/s | sisa ~ 0.0 m
   epoch   8 [ 793/793] 100% | loss 0.2357 |  71.0 berkas/s | sisa ~ 0.0 m
   epoch   8 validasi ...
epoch   8 | loss 0.2357 | val_EER  1.11% | val_AUC 0.999 | lr 9.86e-05 | 374s
   epoch   9 [  79/793]   9% | loss 0.2299 |  71.1 berkas/s | sisa ~ 5.4 m
   epoch   9 [ 158/793]  19% | loss 0.2222 |  71.0 berkas/s | sisa ~ 4.8 m
   epoch   9 [ 237/793]  29% | loss 0.2207 |  71.1 berkas/s | sisa ~ 4.2 m
   epoch   9 [ 316/793]  39% | loss 0.2301 |  71.0 berkas/s | sisa ~ 3.6 m
   epoch   9 [ 395/793]  49% | loss 0.2294 |  71.1 berkas/s | sisa ~ 3.0 m
   epoch   9 [ 474/793]  59% | loss 0.2285 |  71.0 berkas/s | sisa ~ 2.4 m
   epoch   9 [ 553/793]  69% | loss 0.2265 |  71.0 berkas/s | sisa ~ 1.8 m
   epoch   9 [ 632/793]  79% | loss 0.2279 |  70.9 berkas/s | sisa ~ 1.2 m
   epoch   9 [ 711/793]  89% | loss 0.2228 |  70.8 berkas/s | sisa ~ 0.6 m
   epoch   9 [ 790/793]  99% | loss 0.2247 |  70.4 berkas/s | sisa ~ 0.0 m
   epoch   9 [ 793/793] 100% | loss 0.2250 |  70.4 berkas/s | sisa ~ 0.0 m
   epoch   9 validasi ...
epoch   9 | loss 0.2250 | val_EER  1.89% | val_AUC 0.998 | lr 9.83e-05 | 378s
   epoch  10 [  79/793]   9% | loss 0.2139 |  63.0 berkas/s | sisa ~ 6.0 m
   epoch  10 [ 158/793]  19% | loss 0.2052 |  66.1 berkas/s | sisa ~ 5.1 m
   epoch  10 [ 237/793]  29% | loss 0.1931 |  67.5 berkas/s | sisa ~ 4.4 m
   epoch  10 [ 316/793]  39% | loss 0.1946 |  68.2 berkas/s | sisa ~ 3.7 m
   epoch  10 [ 395/793]  49% | loss 0.1934 |  68.5 berkas/s | sisa ~ 3.1 m
   epoch  10 [ 474/793]  59% | loss 0.1974 |  68.7 berkas/s | sisa ~ 2.5 m
   epoch  10 [ 553/793]  69% | loss 0.1988 |  68.9 berkas/s | sisa ~ 1.9 m
   epoch  10 [ 632/793]  79% | loss 0.1959 |  69.2 berkas/s | sisa ~ 1.2 m
   epoch  10 [ 711/793]  89% | loss 0.1949 |  69.4 berkas/s | sisa ~ 0.6 m
   epoch  10 [ 790/793]  99% | loss 0.1948 |  69.5 berkas/s | sisa ~ 0.0 m
   epoch  10 [ 793/793] 100% | loss 0.1947 |  69.5 berkas/s | sisa ~ 0.0 m
   epoch  10 validasi ...
epoch  10 | loss 0.1947 | val_EER  1.06% | val_AUC 1.000 | lr 9.78e-05 | 381s
   checkpoint tersimpan (EER 1.06%) -> checkpoints/augmented_seed2027.pt
   epoch  11 [  79/793]   9% | loss 0.2068 |  70.6 berkas/s | sisa ~ 5.4 m
   epoch  11 [ 158/793]  19% | loss 0.1875 |  70.9 berkas/s | sisa ~ 4.8 m
   epoch  11 [ 237/793]  29% | loss 0.1911 |  70.9 berkas/s | sisa ~ 4.2 m
   epoch  11 [ 316/793]  39% | loss 0.2058 |  70.8 berkas/s | sisa ~ 3.6 m
   epoch  11 [ 395/793]  49% | loss 0.2038 |  70.9 berkas/s | sisa ~ 3.0 m
   epoch  11 [ 474/793]  59% | loss 0.2044 |  70.9 berkas/s | sisa ~ 2.4 m
   epoch  11 [ 553/793]  69% | loss 0.2014 |  71.0 berkas/s | sisa ~ 1.8 m
   epoch  11 [ 632/793]  79% | loss 0.2035 |  71.0 berkas/s | sisa ~ 1.2 m
   epoch  11 [ 711/793]  89% | loss 0.2039 |  71.0 berkas/s | sisa ~ 0.6 m
   epoch  11 [ 790/793]  99% | loss 0.2055 |  71.0 berkas/s | sisa ~ 0.0 m
   epoch  11 [ 793/793] 100% | loss 0.2051 |  71.0 berkas/s | sisa ~ 0.0 m
   epoch  11 validasi ...
epoch  11 | loss 0.2051 | val_EER  1.25% | val_AUC 0.999 | lr 9.73e-05 | 374s
   epoch  12 [  79/793]   9% | loss 0.1899 |  71.1 berkas/s | sisa ~ 5.4 m
   epoch  12 [ 158/793]  19% | loss 0.1840 |  70.8 berkas/s | sisa ~ 4.8 m
   epoch  12 [ 237/793]  29% | loss 0.1976 |  70.9 berkas/s | sisa ~ 4.2 m
   epoch  12 [ 316/793]  39% | loss 0.1949 |  71.0 berkas/s | sisa ~ 3.6 m
   epoch  12 [ 395/793]  49% | loss 0.1923 |  71.0 berkas/s | sisa ~ 3.0 m
   epoch  12 [ 474/793]  59% | loss 0.1872 |  71.0 berkas/s | sisa ~ 2.4 m
   epoch  12 [ 553/793]  69% | loss 0.1886 |  71.0 berkas/s | sisa ~ 1.8 m
   epoch  12 [ 632/793]  79% | loss 0.1935 |  71.0 berkas/s | sisa ~ 1.2 m
   epoch  12 [ 711/793]  89% | loss 0.1913 |  71.1 berkas/s | sisa ~ 0.6 m
   epoch  12 [ 790/793]  99% | loss 0.1914 |  71.1 berkas/s | sisa ~ 0.0 m
   epoch  12 [ 793/793] 100% | loss 0.1910 |  71.1 berkas/s | sisa ~ 0.0 m
   epoch  12 validasi ...
epoch  12 | loss 0.1910 | val_EER  1.20% | val_AUC 0.999 | lr 9.68e-05 | 373s
   epoch  13 [  79/793]   9% | loss 0.2501 |  71.2 berkas/s | sisa ~ 5.3 m
   epoch  13 [ 158/793]  19% | loss 0.2166 |  71.3 berkas/s | sisa ~ 4.8 m
   epoch  13 [ 237/793]  29% | loss 0.2125 |  71.3 berkas/s | sisa ~ 4.2 m
   epoch  13 [ 316/793]  39% | loss 0.2012 |  71.3 berkas/s | sisa ~ 3.6 m
   epoch  13 [ 395/793]  49% | loss 0.2010 |  71.3 berkas/s | sisa ~ 3.0 m
   epoch  13 [ 474/793]  59% | loss 0.1935 |  71.3 berkas/s | sisa ~ 2.4 m
   epoch  13 [ 553/793]  69% | loss 0.1978 |  71.3 berkas/s | sisa ~ 1.8 m
   epoch  13 [ 632/793]  79% | loss 0.1935 |  71.3 berkas/s | sisa ~ 1.2 m
   epoch  13 [ 711/793]  89% | loss 0.1919 |  71.3 berkas/s | sisa ~ 0.6 m
   epoch  13 [ 790/793]  99% | loss 0.1913 |  71.3 berkas/s | sisa ~ 0.0 m
   epoch  13 [ 793/793] 100% | loss 0.1913 |  71.3 berkas/s | sisa ~ 0.0 m
   epoch  13 validasi ...
epoch  13 | loss 0.1913 | val_EER  0.98% | val_AUC 1.000 | lr 9.62e-05 | 372s
   checkpoint tersimpan (EER 0.98%) -> checkpoints/augmented_seed2027.pt
   epoch  14 [  79/793]   9% | loss 0.1746 |  71.3 berkas/s | sisa ~ 5.3 m
   epoch  14 [ 158/793]  19% | loss 0.1893 |  71.3 berkas/s | sisa ~ 4.8 m
   epoch  14 [ 237/793]  29% | loss 0.1855 |  71.3 berkas/s | sisa ~ 4.2 m
   epoch  14 [ 316/793]  39% | loss 0.1851 |  71.3 berkas/s | sisa ~ 3.6 m
   epoch  14 [ 395/793]  49% | loss 0.1845 |  71.3 berkas/s | sisa ~ 3.0 m
   epoch  14 [ 474/793]  59% | loss 0.1850 |  71.3 berkas/s | sisa ~ 2.4 m
   epoch  14 [ 553/793]  69% | loss 0.1858 |  71.3 berkas/s | sisa ~ 1.8 m
   epoch  14 [ 632/793]  79% | loss 0.1857 |  71.3 berkas/s | sisa ~ 1.2 m
   epoch  14 [ 711/793]  89% | loss 0.1863 |  71.3 berkas/s | sisa ~ 0.6 m
   epoch  14 [ 790/793]  99% | loss 0.1880 |  71.3 berkas/s | sisa ~ 0.0 m
   epoch  14 [ 793/793] 100% | loss 0.1877 |  71.3 berkas/s | sisa ~ 0.0 m
   epoch  14 validasi ...
epoch  14 | loss 0.1877 | val_EER  0.92% | val_AUC 1.000 | lr 9.56e-05 | 372s
   checkpoint tersimpan (EER 0.92%) -> checkpoints/augmented_seed2027.pt
   epoch  15 [  79/793]   9% | loss 0.1836 |  71.1 berkas/s | sisa ~ 5.4 m
   epoch  15 [ 158/793]  19% | loss 0.1782 |  71.3 berkas/s | sisa ~ 4.8 m
   epoch  15 [ 237/793]  29% | loss 0.1837 |  71.2 berkas/s | sisa ~ 4.2 m
   epoch  15 [ 316/793]  39% | loss 0.1807 |  71.3 berkas/s | sisa ~ 3.6 m
   epoch  15 [ 395/793]  49% | loss 0.1791 |  71.3 berkas/s | sisa ~ 3.0 m
   epoch  15 [ 474/793]  59% | loss 0.1812 |  71.3 berkas/s | sisa ~ 2.4 m
   epoch  15 [ 553/793]  69% | loss 0.1778 |  71.3 berkas/s | sisa ~ 1.8 m
   epoch  15 [ 632/793]  79% | loss 0.1770 |  71.3 berkas/s | sisa ~ 1.2 m
   epoch  15 [ 711/793]  89% | loss 0.1785 |  71.3 berkas/s | sisa ~ 0.6 m
   epoch  15 [ 790/793]  99% | loss 0.1785 |  71.2 berkas/s | sisa ~ 0.0 m
   epoch  15 [ 793/793] 100% | loss 0.1786 |  71.2 berkas/s | sisa ~ 0.0 m
   epoch  15 validasi ...
epoch  15 | loss 0.1786 | val_EER  0.86% | val_AUC 1.000 | lr 9.49e-05 | 373s
   checkpoint tersimpan (EER 0.86%) -> checkpoints/augmented_seed2027.pt
   epoch  16 [  79/793]   9% | loss 0.1780 |  69.0 berkas/s | sisa ~ 5.5 m
   epoch  16 [ 158/793]  19% | loss 0.1780 |  69.3 berkas/s | sisa ~ 4.9 m
   epoch  16 [ 237/793]  29% | loss 0.1781 |  69.0 berkas/s | sisa ~ 4.3 m
   epoch  16 [ 316/793]  39% | loss 0.1744 |  69.2 berkas/s | sisa ~ 3.7 m
   epoch  16 [ 395/793]  49% | loss 0.1765 |  69.3 berkas/s | sisa ~ 3.1 m
   epoch  16 [ 474/793]  59% | loss 0.1731 |  69.6 berkas/s | sisa ~ 2.4 m
   epoch  16 [ 553/793]  69% | loss 0.1729 |  69.4 berkas/s | sisa ~ 1.8 m
   epoch  16 [ 632/793]  79% | loss 0.1715 |  69.2 berkas/s | sisa ~ 1.2 m
   epoch  16 [ 711/793]  89% | loss 0.1720 |  69.4 berkas/s | sisa ~ 0.6 m
   epoch  16 [ 790/793]  99% | loss 0.1721 |  69.5 berkas/s | sisa ~ 0.0 m
   epoch  16 [ 793/793] 100% | loss 0.1721 |  69.5 berkas/s | sisa ~ 0.0 m
   epoch  16 validasi ...
epoch  16 | loss 0.1721 | val_EER  0.80% | val_AUC 1.000 | lr 9.42e-05 | 381s
   checkpoint tersimpan (EER 0.80%) -> checkpoints/augmented_seed2027.pt
   epoch  17 [  79/793]   9% | loss 0.1861 |  71.2 berkas/s | sisa ~ 5.4 m
   epoch  17 [ 158/793]  19% | loss 0.1812 |  71.1 berkas/s | sisa ~ 4.8 m
   epoch  17 [ 237/793]  29% | loss 0.1829 |  71.1 berkas/s | sisa ~ 4.2 m
   epoch  17 [ 316/793]  39% | loss 0.1774 |  71.1 berkas/s | sisa ~ 3.6 m
   epoch  17 [ 395/793]  49% | loss 0.1783 |  71.1 berkas/s | sisa ~ 3.0 m
   epoch  17 [ 474/793]  59% | loss 0.1769 |  71.0 berkas/s | sisa ~ 2.4 m
   epoch  17 [ 553/793]  69% | loss 0.1812 |  71.0 berkas/s | sisa ~ 1.8 m
   epoch  17 [ 632/793]  79% | loss 0.1813 |  71.0 berkas/s | sisa ~ 1.2 m
   epoch  17 [ 711/793]  89% | loss 0.1795 |  71.0 berkas/s | sisa ~ 0.6 m
   epoch  17 [ 790/793]  99% | loss 0.1800 |  71.0 berkas/s | sisa ~ 0.0 m
   epoch  17 [ 793/793] 100% | loss 0.1798 |  71.0 berkas/s | sisa ~ 0.0 m
   epoch  17 validasi ...
epoch  17 | loss 0.1798 | val_EER  0.59% | val_AUC 1.000 | lr 9.35e-05 | 373s
   checkpoint tersimpan (EER 0.59%) -> checkpoints/augmented_seed2027.pt
   epoch  18 [  79/793]   9% | loss 0.1500 |  70.9 berkas/s | sisa ~ 5.4 m
   epoch  18 [ 158/793]  19% | loss 0.1568 |  71.0 berkas/s | sisa ~ 4.8 m
   epoch  18 [ 237/793]  29% | loss 0.1535 |  71.1 berkas/s | sisa ~ 4.2 m
   epoch  18 [ 316/793]  39% | loss 0.1595 |  71.0 berkas/s | sisa ~ 3.6 m
   epoch  18 [ 395/793]  49% | loss 0.1614 |  71.0 berkas/s | sisa ~ 3.0 m
   epoch  18 [ 474/793]  59% | loss 0.1633 |  71.0 berkas/s | sisa ~ 2.4 m
   epoch  18 [ 553/793]  69% | loss 0.1646 |  70.6 berkas/s | sisa ~ 1.8 m
   epoch  18 [ 632/793]  79% | loss 0.1636 |  70.7 berkas/s | sisa ~ 1.2 m
   epoch  18 [ 711/793]  89% | loss 0.1660 |  70.8 berkas/s | sisa ~ 0.6 m
   epoch  18 [ 790/793]  99% | loss 0.1660 |  70.9 berkas/s | sisa ~ 0.0 m
   epoch  18 [ 793/793] 100% | loss 0.1659 |  70.9 berkas/s | sisa ~ 0.0 m
   epoch  18 validasi ...
epoch  18 | loss 0.1659 | val_EER  0.70% | val_AUC 1.000 | lr 9.26e-05 | 375s
   epoch  19 [  79/793]   9% | loss 0.1670 |  71.5 berkas/s | sisa ~ 5.3 m
   epoch  19 [ 158/793]  19% | loss 0.1729 |  71.5 berkas/s | sisa ~ 4.7 m
   epoch  19 [ 237/793]  29% | loss 0.1678 |  71.4 berkas/s | sisa ~ 4.2 m
   epoch  19 [ 316/793]  39% | loss 0.1656 |  71.5 berkas/s | sisa ~ 3.6 m
   epoch  19 [ 395/793]  49% | loss 0.1662 |  71.5 berkas/s | sisa ~ 3.0 m
   epoch  19 [ 474/793]  59% | loss 0.1669 |  71.2 berkas/s | sisa ~ 2.4 m
   epoch  19 [ 553/793]  69% | loss 0.1663 |  71.2 berkas/s | sisa ~ 1.8 m
   epoch  19 [ 632/793]  79% | loss 0.1641 |  71.1 berkas/s | sisa ~ 1.2 m
   epoch  19 [ 711/793]  89% | loss 0.1649 |  71.1 berkas/s | sisa ~ 0.6 m
   epoch  19 [ 790/793]  99% | loss 0.1644 |  71.1 berkas/s | sisa ~ 0.0 m
   epoch  19 [ 793/793] 100% | loss 0.1645 |  71.1 berkas/s | sisa ~ 0.0 m
   epoch  19 validasi ...
epoch  19 | loss 0.1645 | val_EER  0.98% | val_AUC 1.000 | lr 9.18e-05 | 373s
   epoch  20 [  79/793]   9% | loss 0.1670 |  70.6 berkas/s | sisa ~ 5.4 m
   epoch  20 [ 158/793]  19% | loss 0.1793 |  70.8 berkas/s | sisa ~ 4.8 m
   epoch  20 [ 237/793]  29% | loss 0.1770 |  70.3 berkas/s | sisa ~ 4.2 m
   epoch  20 [ 316/793]  39% | loss 0.1782 |  70.5 berkas/s | sisa ~ 3.6 m
   epoch  20 [ 395/793]  49% | loss 0.1719 |  70.5 berkas/s | sisa ~ 3.0 m
   epoch  20 [ 474/793]  59% | loss 0.1698 |  70.7 berkas/s | sisa ~ 2.4 m
   epoch  20 [ 553/793]  69% | loss 0.1741 |  70.1 berkas/s | sisa ~ 1.8 m
   epoch  20 [ 632/793]  79% | loss 0.1704 |  69.7 berkas/s | sisa ~ 1.2 m
   epoch  20 [ 711/793]  89% | loss 0.1704 |  69.4 berkas/s | sisa ~ 0.6 m
   epoch  20 [ 790/793]  99% | loss 0.1704 |  68.5 berkas/s | sisa ~ 0.0 m
   epoch  20 [ 793/793] 100% | loss 0.1701 |  68.4 berkas/s | sisa ~ 0.0 m
   epoch  20 validasi ...
epoch  20 | loss 0.1701 | val_EER  1.33% | val_AUC 1.000 | lr 9.09e-05 | 390s
   epoch  21 [  79/793]   9% | loss 0.1793 |  67.0 berkas/s | sisa ~ 5.7 m
   epoch  21 [ 158/793]  19% | loss 0.1732 |  67.9 berkas/s | sisa ~ 5.0 m
   epoch  21 [ 237/793]  29% | loss 0.1595 |  67.3 berkas/s | sisa ~ 4.4 m
   epoch  21 [ 316/793]  39% | loss 0.1604 |  67.7 berkas/s | sisa ~ 3.8 m
   epoch  21 [ 395/793]  49% | loss 0.1584 |  67.7 berkas/s | sisa ~ 3.1 m
   epoch  21 [ 474/793]  59% | loss 0.1572 |  67.8 berkas/s | sisa ~ 2.5 m
   epoch  21 [ 553/793]  69% | loss 0.1583 |  68.2 berkas/s | sisa ~ 1.9 m
   epoch  21 [ 632/793]  79% | loss 0.1599 |  68.4 berkas/s | sisa ~ 1.3 m
   epoch  21 [ 711/793]  89% | loss 0.1614 |  68.6 berkas/s | sisa ~ 0.6 m
   epoch  21 [ 790/793]  99% | loss 0.1602 |  68.7 berkas/s | sisa ~ 0.0 m
   epoch  21 [ 793/793] 100% | loss 0.1608 |  68.7 berkas/s | sisa ~ 0.0 m
   epoch  21 validasi ...
epoch  21 | loss 0.1608 | val_EER  0.72% | val_AUC 1.000 | lr 9.00e-05 | 386s
   epoch  22 [  79/793]   9% | loss 0.1848 |  66.5 berkas/s | sisa ~ 5.7 m
   epoch  22 [ 158/793]  19% | loss 0.1732 |  66.1 berkas/s | sisa ~ 5.1 m
   epoch  22 [ 237/793]  29% | loss 0.1660 |  66.2 berkas/s | sisa ~ 4.5 m
   epoch  22 [ 316/793]  39% | loss 0.1598 |  65.8 berkas/s | sisa ~ 3.9 m
   epoch  22 [ 395/793]  49% | loss 0.1617 |  66.0 berkas/s | sisa ~ 3.2 m
   epoch  22 [ 474/793]  59% | loss 0.1578 |  65.4 berkas/s | sisa ~ 2.6 m
   epoch  22 [ 553/793]  69% | loss 0.1544 |  65.4 berkas/s | sisa ~ 2.0 m
   epoch  22 [ 632/793]  79% | loss 0.1562 |  65.4 berkas/s | sisa ~ 1.3 m
   epoch  22 [ 711/793]  89% | loss 0.1570 |  65.5 berkas/s | sisa ~ 0.7 m
   epoch  22 [ 790/793]  99% | loss 0.1568 |  65.9 berkas/s | sisa ~ 0.0 m
   epoch  22 [ 793/793] 100% | loss 0.1567 |  65.9 berkas/s | sisa ~ 0.0 m
   epoch  22 validasi ...
epoch  22 | loss 0.1567 | val_EER  0.77% | val_AUC 1.000 | lr 8.90e-05 | 403s
   epoch  23 [  79/793]   9% | loss 0.1499 |  68.1 berkas/s | sisa ~ 5.6 m
   epoch  23 [ 158/793]  19% | loss 0.1529 |  68.1 berkas/s | sisa ~ 5.0 m
   epoch  23 [ 237/793]  29% | loss 0.1485 |  67.2 berkas/s | sisa ~ 4.4 m
   epoch  23 [ 316/793]  39% | loss 0.1505 |  67.9 berkas/s | sisa ~ 3.7 m
   epoch  23 [ 395/793]  49% | loss 0.1561 |  67.7 berkas/s | sisa ~ 3.1 m
   epoch  23 [ 474/793]  59% | loss 0.1546 |  66.8 berkas/s | sisa ~ 2.5 m
   epoch  23 [ 553/793]  69% | loss 0.1576 |  66.9 berkas/s | sisa ~ 1.9 m
   epoch  23 [ 632/793]  79% | loss 0.1555 |  66.6 berkas/s | sisa ~ 1.3 m
   epoch  23 [ 711/793]  89% | loss 0.1556 |  66.9 berkas/s | sisa ~ 0.7 m
   epoch  23 [ 790/793]  99% | loss 0.1560 |  66.9 berkas/s | sisa ~ 0.0 m
   epoch  23 [ 793/793] 100% | loss 0.1559 |  66.9 berkas/s | sisa ~ 0.0 m
   epoch  23 validasi ...
epoch  23 | loss 0.1559 | val_EER  0.93% | val_AUC 1.000 | lr 8.80e-05 | 396s
   epoch  24 [  79/793]   9% | loss 0.1427 |  68.3 berkas/s | sisa ~ 5.6 m
   epoch  24 [ 158/793]  19% | loss 0.1329 |  65.7 berkas/s | sisa ~ 5.2 m
   epoch  24 [ 237/793]  29% | loss 0.1432 |  67.4 berkas/s | sisa ~ 4.4 m
   epoch  24 [ 316/793]  39% | loss 0.1482 |  68.0 berkas/s | sisa ~ 3.7 m
   epoch  24 [ 395/793]  49% | loss 0.1498 |  66.8 berkas/s | sisa ~ 3.2 m
   epoch  24 [ 474/793]  59% | loss 0.1478 |  66.7 berkas/s | sisa ~ 2.6 m
   epoch  24 [ 553/793]  69% | loss 0.1469 |  66.6 berkas/s | sisa ~ 1.9 m
   epoch  24 [ 632/793]  79% | loss 0.1438 |  66.1 berkas/s | sisa ~ 1.3 m
   epoch  24 [ 711/793]  89% | loss 0.1448 |  66.3 berkas/s | sisa ~ 0.7 m
   epoch  24 [ 790/793]  99% | loss 0.1462 |  66.0 berkas/s | sisa ~ 0.0 m
   epoch  24 [ 793/793] 100% | loss 0.1462 |  66.0 berkas/s | sisa ~ 0.0 m
   epoch  24 validasi ...
epoch  24 | loss 0.1462 | val_EER  0.57% | val_AUC 1.000 | lr 8.70e-05 | 404s
   checkpoint tersimpan (EER 0.57%) -> checkpoints/augmented_seed2027.pt
   epoch  25 [  79/793]   9% | loss 0.1717 |  66.7 berkas/s | sisa ~ 5.7 m
   epoch  25 [ 158/793]  19% | loss 0.1595 |  67.7 berkas/s | sisa ~ 5.0 m
   epoch  25 [ 237/793]  29% | loss 0.1564 |  67.0 berkas/s | sisa ~ 4.4 m
   epoch  25 [ 316/793]  39% | loss 0.1546 |  66.2 berkas/s | sisa ~ 3.8 m
   epoch  25 [ 395/793]  49% | loss 0.1543 |  65.9 berkas/s | sisa ~ 3.2 m
   epoch  25 [ 474/793]  59% | loss 0.1486 |  66.2 berkas/s | sisa ~ 2.6 m
   epoch  25 [ 553/793]  69% | loss 0.1459 |  66.3 berkas/s | sisa ~ 1.9 m
   epoch  25 [ 632/793]  79% | loss 0.1465 |  66.3 berkas/s | sisa ~ 1.3 m
   epoch  25 [ 711/793]  89% | loss 0.1458 |  66.1 berkas/s | sisa ~ 0.7 m
   epoch  25 [ 790/793]  99% | loss 0.1458 |  66.4 berkas/s | sisa ~ 0.0 m
   epoch  25 [ 793/793] 100% | loss 0.1461 |  66.4 berkas/s | sisa ~ 0.0 m
   epoch  25 validasi ...
epoch  25 | loss 0.1461 | val_EER  0.69% | val_AUC 1.000 | lr 8.59e-05 | 399s
   epoch  26 [  79/793]   9% | loss 0.1484 |  70.4 berkas/s | sisa ~ 5.4 m
   epoch  26 [ 158/793]  19% | loss 0.1576 |  70.3 berkas/s | sisa ~ 4.8 m
   epoch  26 [ 237/793]  29% | loss 0.1471 |  70.3 berkas/s | sisa ~ 4.2 m
   epoch  26 [ 316/793]  39% | loss 0.1387 |  70.3 berkas/s | sisa ~ 3.6 m
   epoch  26 [ 395/793]  49% | loss 0.1384 |  70.3 berkas/s | sisa ~ 3.0 m
   epoch  26 [ 474/793]  59% | loss 0.1362 |  70.3 berkas/s | sisa ~ 2.4 m
   epoch  26 [ 553/793]  69% | loss 0.1365 |  70.3 berkas/s | sisa ~ 1.8 m
   epoch  26 [ 632/793]  79% | loss 0.1339 |  70.3 berkas/s | sisa ~ 1.2 m
   epoch  26 [ 711/793]  89% | loss 0.1342 |  70.3 berkas/s | sisa ~ 0.6 m
   epoch  26 [ 790/793]  99% | loss 0.1329 |  70.2 berkas/s | sisa ~ 0.0 m
   epoch  26 [ 793/793] 100% | loss 0.1327 |  70.2 berkas/s | sisa ~ 0.0 m
   epoch  26 validasi ...
epoch  26 | loss 0.1327 | val_EER  0.87% | val_AUC 1.000 | lr 8.48e-05 | 378s
   epoch  27 [  79/793]   9% | loss 0.1170 |  70.4 berkas/s | sisa ~ 5.4 m
   epoch  27 [ 158/793]  19% | loss 0.1436 |  70.1 berkas/s | sisa ~ 4.8 m
   epoch  27 [ 237/793]  29% | loss 0.1433 |  70.0 berkas/s | sisa ~ 4.2 m
   epoch  27 [ 316/793]  39% | loss 0.1416 |  70.2 berkas/s | sisa ~ 3.6 m
   epoch  27 [ 395/793]  49% | loss 0.1444 |  70.1 berkas/s | sisa ~ 3.0 m
   epoch  27 [ 474/793]  59% | loss 0.1404 |  70.0 berkas/s | sisa ~ 2.4 m
   epoch  27 [ 553/793]  69% | loss 0.1394 |  69.7 berkas/s | sisa ~ 1.8 m
   epoch  27 [ 632/793]  79% | loss 0.1370 |  69.0 berkas/s | sisa ~ 1.2 m
   epoch  27 [ 711/793]  89% | loss 0.1372 |  69.2 berkas/s | sisa ~ 0.6 m
   epoch  27 [ 790/793]  99% | loss 0.1383 |  69.3 berkas/s | sisa ~ 0.0 m
   epoch  27 [ 793/793] 100% | loss 0.1382 |  69.3 berkas/s | sisa ~ 0.0 m
   epoch  27 validasi ...
epoch  27 | loss 0.1382 | val_EER  0.69% | val_AUC 1.000 | lr 8.36e-05 | 383s
   epoch  28 [  79/793]   9% | loss 0.1562 |  70.1 berkas/s | sisa ~ 5.4 m
   epoch  28 [ 158/793]  19% | loss 0.1453 |  70.4 berkas/s | sisa ~ 4.8 m
   epoch  28 [ 237/793]  29% | loss 0.1455 |  70.4 berkas/s | sisa ~ 4.2 m
   epoch  28 [ 316/793]  39% | loss 0.1478 |  70.4 berkas/s | sisa ~ 3.6 m
   epoch  28 [ 395/793]  49% | loss 0.1486 |  70.4 berkas/s | sisa ~ 3.0 m
   epoch  28 [ 474/793]  59% | loss 0.1502 |  70.5 berkas/s | sisa ~ 2.4 m
   epoch  28 [ 553/793]  69% | loss 0.1477 |  70.4 berkas/s | sisa ~ 1.8 m
   epoch  28 [ 632/793]  79% | loss 0.1485 |  70.5 berkas/s | sisa ~ 1.2 m
   epoch  28 [ 711/793]  89% | loss 0.1458 |  70.5 berkas/s | sisa ~ 0.6 m
   epoch  28 [ 790/793]  99% | loss 0.1432 |  70.5 berkas/s | sisa ~ 0.0 m
   epoch  28 [ 793/793] 100% | loss 0.1430 |  70.5 berkas/s | sisa ~ 0.0 m
   epoch  28 validasi ...
epoch  28 | loss 0.1430 | val_EER  0.79% | val_AUC 1.000 | lr 8.24e-05 | 377s
   epoch  29 [  79/793]   9% | loss 0.1447 |  70.8 berkas/s | sisa ~ 5.4 m
   epoch  29 [ 158/793]  19% | loss 0.1517 |  70.2 berkas/s | sisa ~ 4.8 m
   epoch  29 [ 237/793]  29% | loss 0.1508 |  70.3 berkas/s | sisa ~ 4.2 m
   epoch  29 [ 316/793]  39% | loss 0.1520 |  70.3 berkas/s | sisa ~ 3.6 m
   epoch  29 [ 395/793]  49% | loss 0.1523 |  70.4 berkas/s | sisa ~ 3.0 m
   epoch  29 [ 474/793]  59% | loss 0.1514 |  70.4 berkas/s | sisa ~ 2.4 m
   epoch  29 [ 553/793]  69% | loss 0.1472 |  70.2 berkas/s | sisa ~ 1.8 m
   epoch  29 [ 632/793]  79% | loss 0.1487 |  70.2 berkas/s | sisa ~ 1.2 m
   epoch  29 [ 711/793]  89% | loss 0.1440 |  70.3 berkas/s | sisa ~ 0.6 m
   epoch  29 [ 790/793]  99% | loss 0.1448 |  70.2 berkas/s | sisa ~ 0.0 m
   epoch  29 [ 793/793] 100% | loss 0.1447 |  70.2 berkas/s | sisa ~ 0.0 m
   epoch  29 validasi ...
epoch  29 | loss 0.1447 | val_EER  0.55% | val_AUC 1.000 | lr 8.12e-05 | 378s
   checkpoint tersimpan (EER 0.55%) -> checkpoints/augmented_seed2027.pt
   epoch  30 [  79/793]   9% | loss 0.1584 |  70.4 berkas/s | sisa ~ 5.4 m
   epoch  30 [ 158/793]  19% | loss 0.1482 |  70.5 berkas/s | sisa ~ 4.8 m
   epoch  30 [ 237/793]  29% | loss 0.1488 |  70.5 berkas/s | sisa ~ 4.2 m
   epoch  30 [ 316/793]  39% | loss 0.1451 |  70.5 berkas/s | sisa ~ 3.6 m
   epoch  30 [ 395/793]  49% | loss 0.1470 |  70.5 berkas/s | sisa ~ 3.0 m
   epoch  30 [ 474/793]  59% | loss 0.1436 |  70.4 berkas/s | sisa ~ 2.4 m
   epoch  30 [ 553/793]  69% | loss 0.1447 |  70.4 berkas/s | sisa ~ 1.8 m
   epoch  30 [ 632/793]  79% | loss 0.1408 |  70.4 berkas/s | sisa ~ 1.2 m
   epoch  30 [ 711/793]  89% | loss 0.1389 |  70.4 berkas/s | sisa ~ 0.6 m
   epoch  30 [ 790/793]  99% | loss 0.1371 |  70.3 berkas/s | sisa ~ 0.0 m
   epoch  30 [ 793/793] 100% | loss 0.1369 |  70.3 berkas/s | sisa ~ 0.0 m
   epoch  30 validasi ...
epoch  30 | loss 0.1369 | val_EER  0.86% | val_AUC 1.000 | lr 8.00e-05 | 378s
   epoch  31 [  79/793]   9% | loss 0.1591 |  69.3 berkas/s | sisa ~ 5.5 m
   epoch  31 [ 158/793]  19% | loss 0.1417 |  69.2 berkas/s | sisa ~ 4.9 m
   epoch  31 [ 237/793]  29% | loss 0.1354 |  69.4 berkas/s | sisa ~ 4.3 m
   epoch  31 [ 316/793]  39% | loss 0.1370 |  69.5 berkas/s | sisa ~ 3.7 m
   epoch  31 [ 395/793]  49% | loss 0.1384 |  69.7 berkas/s | sisa ~ 3.0 m
   epoch  31 [ 474/793]  59% | loss 0.1308 |  69.7 berkas/s | sisa ~ 2.4 m
   epoch  31 [ 553/793]  69% | loss 0.1319 |  69.8 berkas/s | sisa ~ 1.8 m
   epoch  31 [ 632/793]  79% | loss 0.1304 |  69.8 berkas/s | sisa ~ 1.2 m
   epoch  31 [ 711/793]  89% | loss 0.1310 |  69.8 berkas/s | sisa ~ 0.6 m
   epoch  31 [ 790/793]  99% | loss 0.1290 |  69.9 berkas/s | sisa ~ 0.0 m
   epoch  31 [ 793/793] 100% | loss 0.1287 |  69.9 berkas/s | sisa ~ 0.0 m
   epoch  31 validasi ...
epoch  31 | loss 0.1287 | val_EER  0.48% | val_AUC 1.000 | lr 7.87e-05 | 380s
   checkpoint tersimpan (EER 0.48%) -> checkpoints/augmented_seed2027.pt
   epoch  32 [  79/793]   9% | loss 0.1595 |  69.3 berkas/s | sisa ~ 5.5 m
   epoch  32 [ 158/793]  19% | loss 0.1322 |  68.0 berkas/s | sisa ~ 5.0 m
   epoch  32 [ 237/793]  29% | loss 0.1387 |  67.9 berkas/s | sisa ~ 4.4 m
   epoch  32 [ 316/793]  39% | loss 0.1380 |  67.5 berkas/s | sisa ~ 3.8 m
   epoch  32 [ 395/793]  49% | loss 0.1388 |  66.0 berkas/s | sisa ~ 3.2 m
   epoch  32 [ 474/793]  59% | loss 0.1423 |  64.8 berkas/s | sisa ~ 2.6 m
   epoch  32 [ 553/793]  69% | loss 0.1381 |  64.8 berkas/s | sisa ~ 2.0 m
   epoch  32 [ 632/793]  79% | loss 0.1371 |  65.2 berkas/s | sisa ~ 1.3 m
   epoch  32 [ 711/793]  89% | loss 0.1359 |  65.4 berkas/s | sisa ~ 0.7 m
   epoch  32 [ 790/793]  99% | loss 0.1358 |  65.6 berkas/s | sisa ~ 0.0 m
   epoch  32 [ 793/793] 100% | loss 0.1357 |  65.6 berkas/s | sisa ~ 0.0 m
   epoch  32 validasi ...
epoch  32 | loss 0.1357 | val_EER  0.73% | val_AUC 1.000 | lr 7.74e-05 | 405s
   epoch  33 [  79/793]   9% | loss 0.1345 |  67.1 berkas/s | sisa ~ 5.7 m
   epoch  33 [ 158/793]  19% | loss 0.1300 |  66.8 berkas/s | sisa ~ 5.1 m
   epoch  33 [ 237/793]  29% | loss 0.1304 |  65.2 berkas/s | sisa ~ 4.6 m
   epoch  33 [ 316/793]  39% | loss 0.1311 |  65.3 berkas/s | sisa ~ 3.9 m
   epoch  33 [ 395/793]  49% | loss 0.1345 |  65.1 berkas/s | sisa ~ 3.3 m
   epoch  33 [ 474/793]  59% | loss 0.1310 |  65.3 berkas/s | sisa ~ 2.6 m
   epoch  33 [ 553/793]  69% | loss 0.1312 |  65.5 berkas/s | sisa ~ 2.0 m
   epoch  33 [ 632/793]  79% | loss 0.1309 |  65.6 berkas/s | sisa ~ 1.3 m
   epoch  33 [ 711/793]  89% | loss 0.1293 |  65.7 berkas/s | sisa ~ 0.7 m
   epoch  33 [ 790/793]  99% | loss 0.1257 |  65.7 berkas/s | sisa ~ 0.0 m
   epoch  33 [ 793/793] 100% | loss 0.1255 |  65.7 berkas/s | sisa ~ 0.0 m
   epoch  33 validasi ...
epoch  33 | loss 0.1255 | val_EER  0.38% | val_AUC 1.000 | lr 7.60e-05 | 404s
   checkpoint tersimpan (EER 0.38%) -> checkpoints/augmented_seed2027.pt
   epoch  34 [  79/793]   9% | loss 0.1333 |  65.5 berkas/s | sisa ~ 5.8 m
   epoch  34 [ 158/793]  19% | loss 0.1251 |  66.6 berkas/s | sisa ~ 5.1 m
   epoch  34 [ 237/793]  29% | loss 0.1245 |  65.8 berkas/s | sisa ~ 4.5 m
   epoch  34 [ 316/793]  39% | loss 0.1223 |  66.2 berkas/s | sisa ~ 3.8 m
   epoch  34 [ 395/793]  49% | loss 0.1251 |  65.1 berkas/s | sisa ~ 3.3 m
   epoch  34 [ 474/793]  59% | loss 0.1244 |  65.3 berkas/s | sisa ~ 2.6 m
   epoch  34 [ 553/793]  69% | loss 0.1283 |  65.5 berkas/s | sisa ~ 2.0 m
   epoch  34 [ 632/793]  79% | loss 0.1271 |  65.5 berkas/s | sisa ~ 1.3 m
   epoch  34 [ 711/793]  89% | loss 0.1254 |  65.4 berkas/s | sisa ~ 0.7 m
   epoch  34 [ 790/793]  99% | loss 0.1271 |  65.6 berkas/s | sisa ~ 0.0 m
   epoch  34 [ 793/793] 100% | loss 0.1270 |  65.6 berkas/s | sisa ~ 0.0 m
   epoch  34 validasi ...
epoch  34 | loss 0.1270 | val_EER  0.82% | val_AUC 1.000 | lr 7.47e-05 | 406s
   epoch  35 [  79/793]   9% | loss 0.1420 |  65.2 berkas/s | sisa ~ 5.8 m
   epoch  35 [ 158/793]  19% | loss 0.1369 |  66.5 berkas/s | sisa ~ 5.1 m
   epoch  35 [ 237/793]  29% | loss 0.1274 |  66.5 berkas/s | sisa ~ 4.5 m
   epoch  35 [ 316/793]  39% | loss 0.1266 |  66.3 berkas/s | sisa ~ 3.8 m
   epoch  35 [ 395/793]  49% | loss 0.1258 |  66.3 berkas/s | sisa ~ 3.2 m
   epoch  35 [ 474/793]  59% | loss 0.1268 |  66.3 berkas/s | sisa ~ 2.6 m
   epoch  35 [ 553/793]  69% | loss 0.1311 |  66.2 berkas/s | sisa ~ 1.9 m
   epoch  35 [ 632/793]  79% | loss 0.1292 |  65.4 berkas/s | sisa ~ 1.3 m
   epoch  35 [ 711/793]  89% | loss 0.1296 |  65.4 berkas/s | sisa ~ 0.7 m
   epoch  35 [ 790/793]  99% | loss 0.1307 |  65.6 berkas/s | sisa ~ 0.0 m
   epoch  35 [ 793/793] 100% | loss 0.1306 |  65.7 berkas/s | sisa ~ 0.0 m
   epoch  35 validasi ...
epoch  35 | loss 0.1306 | val_EER  0.45% | val_AUC 1.000 | lr 7.33e-05 | 405s
   epoch  36 [  79/793]   9% | loss 0.0974 |  65.3 berkas/s | sisa ~ 5.8 m
   epoch  36 [ 158/793]  19% | loss 0.1051 |  66.5 berkas/s | sisa ~ 5.1 m
   epoch  36 [ 237/793]  29% | loss 0.1071 |  66.8 berkas/s | sisa ~ 4.4 m
   epoch  36 [ 316/793]  39% | loss 0.1133 |  66.6 berkas/s | sisa ~ 3.8 m
   epoch  36 [ 395/793]  49% | loss 0.1120 |  66.6 berkas/s | sisa ~ 3.2 m
   epoch  36 [ 474/793]  59% | loss 0.1146 |  66.7 berkas/s | sisa ~ 2.6 m
   epoch  36 [ 553/793]  69% | loss 0.1152 |  66.7 berkas/s | sisa ~ 1.9 m
   epoch  36 [ 632/793]  79% | loss 0.1156 |  66.8 berkas/s | sisa ~ 1.3 m
   epoch  36 [ 711/793]  89% | loss 0.1160 |  66.7 berkas/s | sisa ~ 0.7 m
   epoch  36 [ 790/793]  99% | loss 0.1154 |  66.6 berkas/s | sisa ~ 0.0 m
   epoch  36 [ 793/793] 100% | loss 0.1152 |  66.6 berkas/s | sisa ~ 0.0 m
   epoch  36 validasi ...
epoch  36 | loss 0.1152 | val_EER  1.00% | val_AUC 1.000 | lr 7.19e-05 | 398s
   epoch  37 [  79/793]   9% | loss 0.1254 |  66.6 berkas/s | sisa ~ 5.7 m
   epoch  37 [ 158/793]  19% | loss 0.1236 |  63.8 berkas/s | sisa ~ 5.3 m
   epoch  37 [ 237/793]  29% | loss 0.1247 |  64.9 berkas/s | sisa ~ 4.6 m
   epoch  37 [ 316/793]  39% | loss 0.1244 |  64.6 berkas/s | sisa ~ 3.9 m
   epoch  37 [ 395/793]  49% | loss 0.1258 |  65.1 berkas/s | sisa ~ 3.3 m
   epoch  37 [ 474/793]  59% | loss 0.1278 |  65.6 berkas/s | sisa ~ 2.6 m
   epoch  37 [ 553/793]  69% | loss 0.1239 |  65.7 berkas/s | sisa ~ 1.9 m
   epoch  37 [ 632/793]  79% | loss 0.1265 |  65.6 berkas/s | sisa ~ 1.3 m
   epoch  37 [ 711/793]  89% | loss 0.1267 |  65.6 berkas/s | sisa ~ 0.7 m
   epoch  37 [ 790/793]  99% | loss 0.1244 |  65.4 berkas/s | sisa ~ 0.0 m
   epoch  37 [ 793/793] 100% | loss 0.1242 |  65.4 berkas/s | sisa ~ 0.0 m
   epoch  37 validasi ...
epoch  37 | loss 0.1242 | val_EER  0.59% | val_AUC 1.000 | lr 7.04e-05 | 407s
   epoch  38 [  79/793]   9% | loss 0.1437 |  64.3 berkas/s | sisa ~ 5.9 m
   epoch  38 [ 158/793]  19% | loss 0.1321 |  61.2 berkas/s | sisa ~ 5.5 m
   epoch  38 [ 237/793]  29% | loss 0.1284 |  62.3 berkas/s | sisa ~ 4.8 m
   epoch  38 [ 316/793]  39% | loss 0.1313 |  63.5 berkas/s | sisa ~ 4.0 m
   epoch  38 [ 395/793]  49% | loss 0.1310 |  62.8 berkas/s | sisa ~ 3.4 m
   epoch  38 [ 474/793]  59% | loss 0.1287 |  62.8 berkas/s | sisa ~ 2.7 m
   epoch  38 [ 553/793]  69% | loss 0.1291 |  63.0 berkas/s | sisa ~ 2.0 m
   epoch  38 [ 632/793]  79% | loss 0.1303 |  63.2 berkas/s | sisa ~ 1.4 m
   epoch  38 [ 711/793]  89% | loss 0.1311 |  63.4 berkas/s | sisa ~ 0.7 m
   epoch  38 [ 790/793]  99% | loss 0.1285 |  63.8 berkas/s | sisa ~ 0.0 m
   epoch  38 [ 793/793] 100% | loss 0.1285 |  63.8 berkas/s | sisa ~ 0.0 m
   epoch  38 validasi ...
epoch  38 | loss 0.1285 | val_EER  0.49% | val_AUC 1.000 | lr 6.90e-05 | 415s
   epoch  39 [  79/793]   9% | loss 0.1125 |  64.8 berkas/s | sisa ~ 5.9 m
   epoch  39 [ 158/793]  19% | loss 0.1187 |  66.0 berkas/s | sisa ~ 5.1 m
   epoch  39 [ 237/793]  29% | loss 0.1188 |  65.1 berkas/s | sisa ~ 4.6 m
   epoch  39 [ 316/793]  39% | loss 0.1197 |  65.6 berkas/s | sisa ~ 3.9 m
   epoch  39 [ 395/793]  49% | loss 0.1222 |  65.7 berkas/s | sisa ~ 3.2 m
   epoch  39 [ 474/793]  59% | loss 0.1256 |  65.5 berkas/s | sisa ~ 2.6 m
   epoch  39 [ 553/793]  69% | loss 0.1240 |  65.4 berkas/s | sisa ~ 2.0 m
   epoch  39 [ 632/793]  79% | loss 0.1247 |  64.9 berkas/s | sisa ~ 1.3 m
   epoch  39 [ 711/793]  89% | loss 0.1247 |  64.9 berkas/s | sisa ~ 0.7 m
   epoch  39 [ 790/793]  99% | loss 0.1227 |  65.1 berkas/s | sisa ~ 0.0 m
   epoch  39 [ 793/793] 100% | loss 0.1225 |  65.1 berkas/s | sisa ~ 0.0 m
   epoch  39 validasi ...
epoch  39 | loss 0.1225 | val_EER  0.66% | val_AUC 1.000 | lr 6.75e-05 | 407s
   epoch  40 [  79/793]   9% | loss 0.0869 |  65.8 berkas/s | sisa ~ 5.8 m
   epoch  40 [ 158/793]  19% | loss 0.1017 |  64.0 berkas/s | sisa ~ 5.3 m
   epoch  40 [ 237/793]  29% | loss 0.1063 |  64.6 berkas/s | sisa ~ 4.6 m
   epoch  40 [ 316/793]  39% | loss 0.1081 |  64.9 berkas/s | sisa ~ 3.9 m
   epoch  40 [ 395/793]  49% | loss 0.1064 |  65.0 berkas/s | sisa ~ 3.3 m
   epoch  40 [ 474/793]  59% | loss 0.1088 |  65.0 berkas/s | sisa ~ 2.6 m
   epoch  40 [ 553/793]  69% | loss 0.1098 |  65.0 berkas/s | sisa ~ 2.0 m
   epoch  40 [ 632/793]  79% | loss 0.1106 |  64.5 berkas/s | sisa ~ 1.3 m
   epoch  40 [ 711/793]  89% | loss 0.1113 |  64.5 berkas/s | sisa ~ 0.7 m
   epoch  40 [ 790/793]  99% | loss 0.1135 |  64.2 berkas/s | sisa ~ 0.0 m
   epoch  40 [ 793/793] 100% | loss 0.1133 |  64.1 berkas/s | sisa ~ 0.0 m
   epoch  40 validasi ...
epoch  40 | loss 0.1133 | val_EER  0.93% | val_AUC 1.000 | lr 6.60e-05 | 414s
   epoch  41 [  79/793]   9% | loss 0.1227 |  67.2 berkas/s | sisa ~ 5.7 m
   epoch  41 [ 158/793]  19% | loss 0.1039 |  66.0 berkas/s | sisa ~ 5.1 m
   epoch  41 [ 237/793]  29% | loss 0.1124 |  66.0 berkas/s | sisa ~ 4.5 m
   epoch  41 [ 316/793]  39% | loss 0.1163 |  66.1 berkas/s | sisa ~ 3.8 m
   epoch  41 [ 395/793]  49% | loss 0.1157 |  66.2 berkas/s | sisa ~ 3.2 m
   epoch  41 [ 474/793]  59% | loss 0.1184 |  65.0 berkas/s | sisa ~ 2.6 m
   epoch  41 [ 553/793]  69% | loss 0.1186 |  64.7 berkas/s | sisa ~ 2.0 m
   epoch  41 [ 632/793]  79% | loss 0.1166 |  65.0 berkas/s | sisa ~ 1.3 m
   epoch  41 [ 711/793]  89% | loss 0.1152 |  65.5 berkas/s | sisa ~ 0.7 m
   epoch  41 [ 790/793]  99% | loss 0.1139 |  65.9 berkas/s | sisa ~ 0.0 m
   epoch  41 [ 793/793] 100% | loss 0.1139 |  65.9 berkas/s | sisa ~ 0.0 m
   epoch  41 validasi ...
epoch  41 | loss 0.1139 | val_EER  0.59% | val_AUC 1.000 | lr 6.45e-05 | 402s
   epoch  42 [  79/793]   9% | loss 0.0893 |  70.3 berkas/s | sisa ~ 5.4 m
   epoch  42 [ 158/793]  19% | loss 0.1033 |  69.8 berkas/s | sisa ~ 4.9 m
   epoch  42 [ 237/793]  29% | loss 0.1154 |  70.0 berkas/s | sisa ~ 4.2 m
   epoch  42 [ 316/793]  39% | loss 0.1174 |  69.9 berkas/s | sisa ~ 3.6 m
   epoch  42 [ 395/793]  49% | loss 0.1169 |  69.8 berkas/s | sisa ~ 3.0 m
   epoch  42 [ 474/793]  59% | loss 0.1159 |  69.8 berkas/s | sisa ~ 2.4 m
   epoch  42 [ 553/793]  69% | loss 0.1122 |  69.7 berkas/s | sisa ~ 1.8 m
   epoch  42 [ 632/793]  79% | loss 0.1096 |  69.7 berkas/s | sisa ~ 1.2 m
   epoch  42 [ 711/793]  89% | loss 0.1092 |  69.7 berkas/s | sisa ~ 0.6 m
   epoch  42 [ 790/793]  99% | loss 0.1140 |  69.1 berkas/s | sisa ~ 0.0 m
   epoch  42 [ 793/793] 100% | loss 0.1136 |  69.1 berkas/s | sisa ~ 0.0 m
   epoch  42 validasi ...
epoch  42 | loss 0.1136 | val_EER  0.52% | val_AUC 1.000 | lr 6.30e-05 | 384s
   epoch  43 [  79/793]   9% | loss 0.0998 |  69.4 berkas/s | sisa ~ 5.5 m
   epoch  43 [ 158/793]  19% | loss 0.0922 |  69.5 berkas/s | sisa ~ 4.9 m
   epoch  43 [ 237/793]  29% | loss 0.0909 |  69.7 berkas/s | sisa ~ 4.3 m
   epoch  43 [ 316/793]  39% | loss 0.1000 |  69.8 berkas/s | sisa ~ 3.6 m
   epoch  43 [ 395/793]  49% | loss 0.0985 |  69.0 berkas/s | sisa ~ 3.1 m
   epoch  43 [ 474/793]  59% | loss 0.1040 |  66.8 berkas/s | sisa ~ 2.5 m
   epoch  43 [ 553/793]  69% | loss 0.1043 |  65.8 berkas/s | sisa ~ 1.9 m
   epoch  43 [ 632/793]  79% | loss 0.1064 |  66.1 berkas/s | sisa ~ 1.3 m
   epoch  43 [ 711/793]  89% | loss 0.1075 |  65.6 berkas/s | sisa ~ 0.7 m
   epoch  43 [ 790/793]  99% | loss 0.1094 |  64.7 berkas/s | sisa ~ 0.0 m
   epoch  43 [ 793/793] 100% | loss 0.1096 |  64.7 berkas/s | sisa ~ 0.0 m
   epoch  43 validasi ...
epoch  43 | loss 0.1096 | val_EER  0.89% | val_AUC 1.000 | lr 6.15e-05 | 411s
early stopping (patience 10) pada epoch 43
SELESAI augmented_seed2027 | val_EER terbaik 0.38% @ epoch 33 -> results/run_summary.csv
